#-----------------------------------------------------------
# Vivado v2024.2 (64-bit)
# SW Build 5239630 on Fri Nov 08 22:35:27 MST 2024
# IP Build 5239520 on Sun Nov 10 16:12:51 MST 2024
# SharedData Build 5239561 on Fri Nov 08 14:39:27 MST 2024
# Start of session at: Fri May 16 10:56:49 2025
# Process ID         : 26400
# Current directory  : F:/Miki/JHU/research/Accelerator_2025/vit_accel
# Command line       : vivado.exe -gui_launcher_event rodinguilauncherevent25880 F:\Miki\JHU\research\Accelerator_2025\vit_accel\vit_accel.xpr
# Log file           : F:/Miki/JHU/research/Accelerator_2025/vit_accel/vivado.log
# Journal file       : F:/Miki/JHU/research/Accelerator_2025/vit_accel\vivado.jou
# Running On         : laptop
# Platform           : Windows Server 2016 or Windows 10
# Operating System   : 26100
# Processor Detail   : 13th Gen Intel(R) Core(TM) i7-1370P
# CPU Frequency      : 2189 MHz
# CPU Physical cores : 14
# CPU Logical cores  : 20
# Host memory        : 16873 MB
# Swap memory        : 51538 MB
# Total Virtual      : 68412 MB
# Available Virtual  : 44914 MB
#-----------------------------------------------------------
start_gui
open_project F:/Miki/JHU/research/Accelerator_2025/vit_accel/vit_accel.xpr
