#-----------------------------------------------------------
# Vivado v2024.2 (64-bit)
# SW Build 5239630 on Fri Nov 08 22:35:27 MST 2024
# IP Build 5239520 on Sun Nov 10 16:12:51 MST 2024
# SharedData Build 5239561 on Fri Nov 08 14:39:27 MST 2024
# Start of session at: Sun Apr 13 10:13:47 2025
# Process ID         : 50360
# Current directory  : C:/work/research/Accelerator/VIT/vit_accel
# Command line       : vivado.exe -gui_launcher_event rodinguilauncherevent43200 C:\work\research\Accelerator\VIT\vit_accel\vit_accel.xpr
# Log file           : C:/work/research/Accelerator/VIT/vit_accel/vivado.log
# Journal file       : C:/work/research/Accelerator/VIT/vit_accel\vivado.jou
# Running On         : LAPTOP-OEFK15M3
# Platform           : Windows Server 2016 or Windows 10
# Operating System   : 26100
# Processor Detail   : AMD Ryzen 9 5900HS with Radeon Graphics        
# CPU Frequency      : 3294 MHz
# CPU Physical cores : 8
# CPU Logical cores  : 16
# Host memory        : 16541 MB
# Swap memory        : 12884 MB
# Total Virtual      : 29426 MB
# Available Virtual  : 6382 MB
#-----------------------------------------------------------
start_gui
open_project C:/work/research/Accelerator/VIT/vit_accel/vit_accel.xpr
set_property SOURCE_SET sources_1 [get_filesets sim_2]
close [ open C:/work/research/Accelerator/VIT/vit_accel/vit_accel.srcs/sim_2/new/tb_attention_block.v w ]
add_files -fileset sim_2 C:/work/research/Accelerator/VIT/vit_accel/vit_accel.srcs/sim_2/new/tb_attention_block.v
# Disabling source management mode.  This is to allow the top design properties to be set without GUI intervention.
set_property source_mgmt_mode None [current_project]
set_property top tb_attention_block [get_filesets sim_2]
set_property top_lib xil_defaultlib [get_filesets sim_2]
# Re-enabling previously disabled source management mode.
set_property source_mgmt_mode DisplayOnly [current_project]
launch_simulation -simset [get_filesets sim_2 ]
launch_simulation -simset [get_filesets sim_2 ]
launch_simulation -simset [get_filesets sim_2 ]
source tb_attention_block.tcl
