

Working Directory = /LinuxRAID/home/miki/Documents/projects/vit_accel_2025/syn/accel/run
QoS Summary for accel
================================================================================
Metric                          generic         map            
================================================================================
Slack (ps):                     2,613           1,202
  R2R (ps):                     2,613           1,202
  I2R (ps):                     3,948           3,408
  R2O (ps):                     3,456           3,423
  I2O (ps):                  no_value        no_value
  CG  (ps):                     3,859           2,981
TNS (ps):                           0               0
  R2R (ps):                         0               0
  I2R (ps):                         0               0
  R2O (ps):                         0               0
  I2O (ps):                  no_value        no_value
  CG  (ps):                         0               0
Failing Paths:                      0               0
Leakage Power (mW):            29.684          22.860
Cell Area:                  4,827,970       4,918,337
Total Cell Area:            4,827,970       4,918,337
Leaf Instances:               258,489         149,951
Total Instances:              258,489         149,951
Utilization (%):                 0.00            0.00
Tot. Net Length (um):        no_value        no_value
Avg. Net Length (um):        no_value        no_value
Route Overflow H (%):        no_value        no_value
Route Overflow V (%):        no_value        no_value
MBCI(%) (bits/gate) :            0.00            0.00
Norm Cong Hotspot Area:
  Max Cong:                  no_value        no_value
  Tot Cong:                  no_value        no_value
================================================================================
CPU  Runtime (h:m:s):        00:52:54        01:47:54
Real Runtime (h:m:s):        00:45:21        00:51:05
CPU  Elapsed (h:m:s):        00:53:23        02:41:36
Real Elapsed (h:m:s):        00:45:37        01:36:46
Memory (MB):                  5281.93         5316.58
================================================================================
================================================================================
Flow Settings:
================================================================================
Total Runtime (h:m:s): 01:37:07
Total Memory (MB):     5317.59
Executable Version:    23.13-s073_1
================================================================================
Total Cell Area =  Cell Area + Physical Cell Area
Total Instances =  Leaf Instances + Physical Instances


